// Jest Snapshot v1, https://goo.gl/fbAQLP

exports[`test should 1`] = `
<div>
  test
</div>
`;
